,r1,r2
0,4,0
1,5,0
2,5,4
3,10,9
4,13,8
5,14,0
6,20,10
7,22,8
8,22,13
