,r1,r2
0,5,4
1,10,4
2,10,5
3,10,9
4,13,10
5,22,4
6,22,9
7,22,10
8,22,13
