,r1,r2
0,5,4
1,9,4
2,10,4
3,10,5
4,13,10
5,22,10
6,22,13
