,r1,r2
0,4,0
1,5,0
2,5,4
3,8,0
4,8,4
5,8,5
6,10,0
7,10,9
8,13,4
9,13,8
10,14,0
11,14,5
12,20,4
13,20,10
14,20,13
15,22,4
16,22,8
17,22,13
18,22,20
