,r1,r2
0,5,4
1,9,4
2,9,5
3,10,4
4,10,5
5,10,9
6,13,10
7,22,4
8,22,9
9,22,10
10,22,13
