,r1,r2
0,8,4
1,9,4
2,10,8
3,13,8
4,13,10
5,20,9
6,22,5
7,22,8
8,22,10
9,22,13
